&codequerypairsimporter.CodeQueryPair{
	CodeHash: "da39a3ee5e6b4b0d3255bfef95601890afd80709",
	Query:    "This is a docstring",
}
