`[buf]: 6
[buffer]: 3
[byte]: 2
[bytes]: 2
[copy]: 1
[enc]: 9
[encode]: 2
[encoder]: 1
[err]: 10
[error]: 1
[free]: 3
[indent]: 3
[int]: 1
[into]: 1
[io]: 1
[json]: 1
[len]: 1
[n]: 3
[new]: 2
[opts]: 1
[out]: 8
[prefix]: 2
[stream]: 1
[val]: 2
[w]: 3
[write]: 3`
