`[args]: 1
[copyfileobj]: 1
[f]: 5
[file]: 6
[gz]: 2
[gzip]: 2
[in]: 3
[kwargs]: 1
[name]: 2
[open]: 2
[out]: 2
[path]: 3
[prepare]: 1
[print]: 2
[rb]: 1
[shutil]: 2
[txt]: 1
[wb]: 1`
