`[append]: 1
[clear]: 1
[close]: 1
[compressed]: 1
[each]: 1
[entry]: 5
[file]: 1
[filename]: 2
[gzip]: 2
[io]: 1
[mtime]: 1
[name]: 1
[new]: 2
[open]: 2
[result]: 3
[s]: 2
[size]: 3
[string]: 4
[to]: 2
[write]: 1
[writer]: 1
[zio]: 4
[zip]: 2
[zlib]: 1`
