[]string{"1<code>2+3</code>4", "5<code>6<code>7</code></code>8"}
